./script.sh: line 16: syntax error near unexpected token `newline'
./script.sh: line 16: `        git remote add origin <https://github.com/Cristian226/BashProjectSO.git>'
===================================
1) Monitorizare resurse
2) Gestionare procese
3) Monitorizare procese consumatoare de resurse
4) Configurare resurse
5) Terminare procese (soft/hard kill)
6) Monitorizare periodica
7) Iesire
===================================
Alegeti o optiune: Resurse RAM:
              total        used        free      shared  buff/cache   available
Mem:          7.7Gi       469Mi       6.7Gi       3.0Mi       496Mi       7.0Gi
Swap:         2.0Gi          0B       2.0Gi
Spatiu pe disc:
Filesystem      Size  Used Avail Use% Mounted on
none            3.9G     0  3.9G   0% /usr/lib/modules/5.15.167.4-microsoft-standard-WSL2
none            3.9G  4.0K  3.9G   1% /mnt/wsl
drivers         476G  318G  159G  67% /usr/lib/wsl/drivers
/dev/sdc        251G  4.0G  235G   2% /
none            3.9G   72K  3.9G   1% /mnt/wslg
none            3.9G     0  3.9G   0% /usr/lib/wsl/lib
rootfs          3.9G  2.2M  3.9G   1% /init
none            3.9G     0  3.9G   0% /dev
none            3.9G  876K  3.9G   1% /run
none            3.9G     0  3.9G   0% /run/lock
none            3.9G     0  3.9G   0% /run/shm
tmpfs           3.9G     0  3.9G   0% /sys/fs/cgroup
none            3.9G   76K  3.9G   1% /mnt/wslg/versions.txt
none            3.9G   76K  3.9G   1% /mnt/wslg/doc
C:\             476G  318G  159G  67% /mnt/c
D:\             932G  570G  363G  62% /mnt/d
snapfuse         64M   64M     0 100% /snap/core20/2434
snapfuse         64M   64M     0 100% /snap/core20/1891
snapfuse         92M   92M     0 100% /snap/lxd/24061
snapfuse         92M   92M     0 100% /snap/lxd/29619
snapfuse         54M   54M     0 100% /snap/snapd/19122
snapfuse         45M   45M     0 100% /snap/snapd/23258
Utilizare CPU:
%Cpu(s):  0.4 us,  0.0 sy,  0.0 ni, 99.6 id,  0.0 wa,  0.0 hi,  0.0 si,  0.0 st
Utilizare retea:
Inter-|   Receive                                                |  Transmit
 face |bytes    packets errs drop fifo frame compressed multicast|bytes    packets errs drop fifo colls carrier compressed
    lo:     591       4    0    0    0     0          0         0      591       4    0    0    0     0       0          0
  eth0:     298       5    0    0    0     0          0         0     1148      16    0    0    0     0       0          0
docker0:       0       0    0    0    0     0          0         0        0       0    0    0    0     0       0          0
Log salvat in monitorizare_2025.01.08_13:43:15.log
===================================
1) Monitorizare resurse
2) Gestionare procese
3) Monitorizare procese consumatoare de resurse
4) Configurare resurse
5) Terminare procese (soft/hard kill)
6) Monitorizare periodica
7) Iesire
===================================
Alegeti o optiune: ===================================
1) Monitorizare resurse
2) Gestionare procese
3) Monitorizare procese consumatoare de resurse
4) Configurare resurse
5) Terminare procese (soft/hard kill)
6) Monitorizare periodica
7) Iesire
===================================
Alegeti o optiune: Resurse RAM:
              total        used        free      shared  buff/cache   available
Mem:          7.7Gi       474Mi       6.7Gi       3.0Mi       496Mi       7.0Gi
Swap:         2.0Gi          0B       2.0Gi
Spatiu pe disc:
Filesystem      Size  Used Avail Use% Mounted on
none            3.9G     0  3.9G   0% /usr/lib/modules/5.15.167.4-microsoft-standard-WSL2
none            3.9G  4.0K  3.9G   1% /mnt/wsl
drivers         476G  318G  159G  67% /usr/lib/wsl/drivers
/dev/sdc        251G  4.0G  235G   2% /
none            3.9G   72K  3.9G   1% /mnt/wslg
none            3.9G     0  3.9G   0% /usr/lib/wsl/lib
rootfs          3.9G  2.2M  3.9G   1% /init
none            3.9G     0  3.9G   0% /dev
none            3.9G  876K  3.9G   1% /run
none            3.9G     0  3.9G   0% /run/lock
none            3.9G     0  3.9G   0% /run/shm
tmpfs           3.9G     0  3.9G   0% /sys/fs/cgroup
none            3.9G   76K  3.9G   1% /mnt/wslg/versions.txt
none            3.9G   76K  3.9G   1% /mnt/wslg/doc
C:\             476G  318G  159G  67% /mnt/c
D:\             932G  570G  363G  62% /mnt/d
snapfuse         64M   64M     0 100% /snap/core20/2434
snapfuse         64M   64M     0 100% /snap/core20/1891
snapfuse         92M   92M     0 100% /snap/lxd/24061
snapfuse         92M   92M     0 100% /snap/lxd/29619
snapfuse         54M   54M     0 100% /snap/snapd/19122
snapfuse         45M   45M     0 100% /snap/snapd/23258
Utilizare CPU:
%Cpu(s):  0.0 us,  0.0 sy,  0.0 ni,100.0 id,  0.0 wa,  0.0 hi,  0.0 si,  0.0 st
Utilizare retea:
Inter-|   Receive                                                |  Transmit
 face |bytes    packets errs drop fifo frame compressed multicast|bytes    packets errs drop fifo colls carrier compressed
    lo:     591       4    0    0    0     0          0         0      591       4    0    0    0     0       0          0
  eth0:     298       5    0    0    0     0          0         0     1288      18    0    0    0     0       0          0
docker0:       0       0    0    0    0     0          0         0        0       0    0    0    0     0       0          0
Log salvat in monitorizare_2025.01.08_13:44:46.log
===================================
1) Monitorizare resurse
2) Gestionare procese
3) Monitorizare procese consumatoare de resurse
4) Configurare resurse
5) Terminare procese (soft/hard kill)
6) Monitorizare periodica
7) Iesire
===================================
Alegeti o optiune: Depozitul Git nu este configurat. ConfigurÄƒm acum...
Initialized empty Git repository in /mnt/c/projects/faculta/anul2/so/teme/monit_spatiu/.git/

*** Please tell me who you are.

Run

  git config --global user.email "you@example.com"
  git config --global user.name "Your Name"

to set your account's default identity.
Omit --global to set the identity only in this repository.

fatal: empty ident name (for <cristian@Cristi-Lenovo.>) not allowed
error: src refspec main does not match any
error: failed to push some refs to 'https://github.com/Cristian226/BashProjectSO.git'
===================================
1) Monitorizare resurse
2) Gestionare procese
3) Monitorizare procese consumatoare de resurse
4) Configurare resurse
5) Terminare procese (soft/hard kill)
6) Monitorizare periodica
7) Iesire
===================================
Alegeti o optiune: Resurse RAM:
              total        used        free      shared  buff/cache   available
Mem:          7.7Gi       479Mi       6.7Gi       3.0Mi       506Mi       7.0Gi
Swap:         2.0Gi          0B       2.0Gi
Spatiu pe disc:
Filesystem      Size  Used Avail Use% Mounted on
none            3.9G     0  3.9G   0% /usr/lib/modules/5.15.167.4-microsoft-standard-WSL2
none            3.9G  4.0K  3.9G   1% /mnt/wsl
drivers         476G  318G  158G  67% /usr/lib/wsl/drivers
/dev/sdc        251G  4.0G  235G   2% /
none            3.9G   72K  3.9G   1% /mnt/wslg
none            3.9G     0  3.9G   0% /usr/lib/wsl/lib
rootfs          3.9G  2.2M  3.9G   1% /init
none            3.9G     0  3.9G   0% /dev
none            3.9G  876K  3.9G   1% /run
none            3.9G     0  3.9G   0% /run/lock
none            3.9G     0  3.9G   0% /run/shm
tmpfs           3.9G     0  3.9G   0% /sys/fs/cgroup
none            3.9G   76K  3.9G   1% /mnt/wslg/versions.txt
none            3.9G   76K  3.9G   1% /mnt/wslg/doc
C:\             476G  318G  158G  67% /mnt/c
D:\             932G  570G  363G  62% /mnt/d
snapfuse         64M   64M     0 100% /snap/core20/2434
snapfuse         64M   64M     0 100% /snap/core20/1891
snapfuse         92M   92M     0 100% /snap/lxd/24061
snapfuse         92M   92M     0 100% /snap/lxd/29619
snapfuse         54M   54M     0 100% /snap/snapd/19122
snapfuse         45M   45M     0 100% /snap/snapd/23258
Utilizare CPU:
%Cpu(s):  0.4 us,  0.0 sy,  0.0 ni, 99.6 id,  0.0 wa,  0.0 hi,  0.0 si,  0.0 st
Utilizare retea:
Inter-|   Receive                                                |  Transmit
 face |bytes    packets errs drop fifo frame compressed multicast|bytes    packets errs drop fifo colls carrier compressed
    lo:     591       4    0    0    0     0          0         0      591       4    0    0    0     0       0          0
  eth0:    1158      11    0    0    0     0          0         6     1288      18    0    0    0     0       0          0
docker0:       0       0    0    0    0     0          0         0        0       0    0    0    0     0       0          0
Log salvat in monitorizare_2025.01.08_13:45:49.log
===================================
1) Monitorizare resurse
2) Gestionare procese
3) Monitorizare procese consumatoare de resurse
4) Configurare resurse
5) Terminare procese (soft/hard kill)
6) Monitorizare periodica
7) Iesire
===================================
Alegeti o optiune: [master (root-commit) 60ab7ea] Actualizare log: 2025.01.08_13:45:52
 1 file changed, 184 insertions(+)
 create mode 100644 out.log
error: src refspec main does not match any
error: failed to push some refs to 'https://github.com/Cristian226/BashProjectSO.git'
